<html>
<body>
<pre>
<h1>µVision Build Log</h1>
<h2>Tool Versions:</h2>
IDE-Version: ¦ÌVision V5.23.0.0
Copyright (C) 2017 ARM Ltd and ARM Germany GmbH. All rights reserved.
License Information: asus,  , LIC=50DZ9-47A3F-F03N5-GYCRJ-PJ1CT-IR63F
 
Tool Versions:
Toolchain:       MDK-ARM Professional  Version: 5.23
Toolchain Path:  D:\Keil_v5\ARM\ARMCC\Bin
C Compiler:      Armcc.exe V5.06 update 4 (build 422)
Assembler:       Armasm.exe V5.06 update 4 (build 422)
Linker/Locator:  ArmLink.exe V5.06 update 4 (build 422)
Library Manager: ArmAr.exe V5.06 update 4 (build 422)
Hex Converter:   FromElf.exe V5.06 update 4 (build 422)
CPU DLL:         SARMCM3.DLL V5.23
Dialog DLL:      DCM.DLL V1.15.0.0
Target DLL:      STLink\ST-LINKIII-KEIL_SWO.dll V2.0.18.0
Dialog DLL:      TCM.DLL V1.27.0.0
 
<h2>Project:</h2>
D:\¹¤×÷\RM\Infantry_NCEPU\Project\XSX_RProject.uvprojx
Project File Date:  05/03/2020

<h2>Output:</h2>
*** Using Compiler 'V5.06 update 4 (build 422)', folder: 'D:\Keil_v5\ARM\ARMCC\Bin'
Build target 'Target 1'
compiling kalman.c...
compiling stm32f4xx_it.c...
compiling main.c...
compiling control.c...
compiling crc.c...
compiling remote.c...
compiling kalman_filter.c...
compiling system.c...
compiling pwm.c...
compiling can1.c...
compiling can2.c...
compiling usart2.c...
compiling magazine.c...
compiling friction.c...
compiling super_cap.c...
compiling iwdg.c...
compiling led.c...
compiling laser.c...
compiling usart4.c...
compiling Task_Start.c...
compiling usart5.c...
compiling adda.c...
compiling Task_Revolver.c...
compiling Info_Update.c...
compiling vision.c...
compiling Info_Transmitter.c...
compiling Task_Chassis.c...
compiling judge.c...
compiling vison2.c...
compiling Task_Gimbal.c...
assembling startup_stm32f40xx.s...
compiling usart.c...
compiling sys.c...
compiling system_stm32f4xx.c...
compiling Timer_Send_Task.c...
compiling delay.c...
compiling myiic.c...
compiling mpu6050.c...
compiling misc.c...
compiling stm32f4xx_gpio.c...
compiling MPU_Temperature.c...
compiling inv_mpu.c...
compiling stm32f4xx_rcc.c...
compiling inv_mpu_dmp_motion_driver.c...
compiling stm32f4xx_tim.c...
compiling stm32f4xx_usart.c...
compiling stm32f4xx_can.c...
compiling stm32f4xx_exti.c...
compiling stm32f4xx_flash.c...
compiling stm32f4xx_dma.c...
compiling stm32f4xx_spi.c...
compiling stm32f4xx_adc.c...
compiling arm_mat_add_f32.c...
compiling arm_mat_cmplx_mult_f32.c...
compiling arm_mat_init_f32.c...
compiling stm32f4xx_iwdg.c...
compiling stm32f4xx_syscfg.c...
compiling arm_mat_inverse_f32.c...
compiling stm32f4xx_dac.c...
compiling arm_mat_inverse_f64.c...
compiling arm_mat_mult_f32.c...
compiling croutine.c...
compiling arm_mat_scale_f32.c...
compiling event_groups.c...
compiling arm_mat_trans_f32.c...
compiling arm_mat_sub_f32.c...
compiling list.c...
compiling queue.c...
compiling heap_4.c...
compiling timers.c...
compiling port.c...
compiling tasks.c...
linking...
Program Size: Code=93130 RO-data=5006 RW-data=2264 ZI-data=81128  
FromELF: creating hex file...
".\Objects\XSX_RProject.axf" - 0 Error(s), 0 Warning(s).

<h2>Collection of Component include folders:</h2>
  .\RTE\_Target_1
  D:\Keil_v5\ARM\PACK\Keil\STM32F4xx_DFP\2.14.0\Drivers\CMSIS\Device\ST\STM32F4xx\Include

<h2>Collection of Component Files used:</h2>
Build Time Elapsed:  00:00:18
</pre>
</body>
</html>
